MEMORY ===
[100]   ' '     #0      break;
[101]   ' '     #0      break;
[102]   '!'     #21     push;2
[103]   ' '     #0      break;
[104]   ' '     #0      break;
[105]   '&'     #26     dup;2
[106]   'h'     #68     eq;r2
[107]   '☺'     #1      push;
[108]   ' '     #0      break;
[109]   '+'     #2b     lt;2
[10a]   '→'     #1a     jni;
[10b]   '↔'     #1d     store;
[10c]   '☺'     #1      push;
[10d]   '└'     #c0     jsi;
[10e]   '!'     #21     push;2
[10f]   '#'     #23     nip;2
[110]   '☺'     #1      push;
[111]   '♠'     #6      dup;
[112]   '◄'     #11     not;
[113]   ' '     #0      break;
[114]   ' '     #0      break;
[115]   '▼'     #1f     write;
[116]   '!'     #21     push;2
[117]   '☻'     #2      drop;
[118]   ' '     #0      break;
[119]   ','     #2c     add;2
[11a]   'Ç'     #80     jmi;
[11b]   '!'     #21     push;2
[11c]   '♣'     #5      rot;
[11d]   '☺'     #1      push;
[11e]   ' '     #0      break;
[11f]   '☺'     #1      push;
[120]   ' '     #0      break;
[121]   '♦'     #4      swap;
[122]   'V'     #56     jmp;r
[123]   '&'     #26     dup;2
[124]   '∟'     #1c     load;
[125]   '☺'     #1      push;
[126]   '☻'     #2      drop;
[127]   '☼'     #f      div;
[128]   '└'     #c0     jsi;
[129]   '!'     #21     push;2
[12a]   '▼'     #1f     write;
[12b]   '☺'     #1      push;
[12c]   '0'     #30     inc;2
[12d]   '∟'     #1c     load;
[12e]   '☺'     #1      push;
[12f]   '☻'     #2      drop;
[130]   '☼'     #f      div;
[131]   '└'     #c0     jsi;
[132]   '!'     #21     push;2
[133]   '▼'     #1f     write;
[134]   '☺'     #1      push;
[135]   '!'     #21     push;2
[136]   '♠'     #6      dup;
[137]   '♠'     #6      dup;
[138]   '!'     #21     push;2
[139]   '♠'     #6      dup;
[13a]   '↕'     #12     and;
[13b]   '!'     #21     push;2
[13c]   '♀'     #c      add;
[13d]   '♠'     #6      dup;
[13e]   '!'     #21     push;2
[13f]   '♫'     #e      mul;
[140]   '       #8      eq;
[141]   '!'     #21     push;2
[142]   '►'     #10     inc;
[143]   '
'       #a      gt;
[144]   '!'     #21     push;2
[145]   '►'     #10     inc;
[146]   '♀'     #c      add;
[147]   '!'     #21     push;2
[148]   '►'     #10     inc;
[149]   '♫'     #e      mul;
[14a]   '!'     #21     push;2
[14b]   '♫'     #e      mul;
[14c]   '►'     #10     inc;
[14d]   '!'     #21     push;2
[14e]   '♀'     #c      add;
[14f]   '↕'     #12     and;
[150]   '!'     #21     push;2
[151]   ' '     #20     break;2
[152]   '►'     #10     inc;
[153]   '!'     #21     push;2
[154]   '@'     #40     break;r
[155]   ' '     #20     break;2
[156]   '!'     #21     push;2
[157]   '`'     #60     break;r2
[158]   '0'     #30     inc;2
[159]   '!'     #21     push;2
[15a]   'Ç'     #80     jmi;
[15b]   '@'     #40     break;r
[15c]   '!'     #21     push;2
[15d]   'á'     #a0     jei;
[15e]   'P'     #50     inc;r
[15f]   '!'     #21     push;2
[160]   '└'     #c0     jsi;
[161]   '`'     #60     break;r2
[162]   '!'     #21     push;2
[163]   'Ó'     #e0     break;kr2
[164]   'p'     #70     inc;r2
[165]   '!'     #21     push;2
[166]   '­'     #f0     inc;kr2
[167]   'Ç'     #80     jmi;
